// Jest Snapshot v1, https://goo.gl/fbAQLP

exports[`UnlockTokensFetchError should render 1`] = `
<DocumentFragment>
  Unable to retrieve unlockable balances. Click 
  <a
    class="Link__AnchorStyled-sc-ec014t-0 eeKUfa group ring-focus"
    data-ring-focus-margin="-m-1"
    data-testid="Link"
    href="/"
    role="button"
  >
    <span
      class="Link__Content-sc-ec014t-1 fPOlTq"
    >
      here
    </span>
  </a>
   to retry.
</DocumentFragment>
`;
