// Jest Snapshot v1, https://goo.gl/fbAQLP

exports[`Offline should render 1`] = `
<DocumentFragment>
  <div
    class="flex relative flex-col min-h-screen"
  >
    <nav
      aria-labelledby="main menu"
      class="NavigationBarblocks__NavWrapper-sc-nciu2a-0 cxmxRW"
    >
      <div
        class="flex relative h-21"
      >
        <div
          class="flex flex-1 px-8 ml-12"
        >
          <div
            class="flex items-center my-auto"
          >
            <div
              class="flex items-center justify-center my-auto mr-4 pl-0.5 text-white rounded-xl w-11 h-11 bg-theme-success-600"
            >
              <svg
                height="28"
              >
                payvo-logo.svg
              </svg>
            </div>
          </div>
        </div>
      </div>
    </nav>
    <div
      class="flex flex-col flex-1"
    >
      <div
        class="Section__SectionWrapper-sc-plnv9l-0 fYoPaw flex flex-col flex-1 justify-center text-center"
      >
        <div
          class="container px-10 mx-auto"
        >
          <div
            class="flex justify-center mx-auto max-w-md"
          >
            <svg>
              connection-error-dark-green.svg
            </svg>
          </div>
          <div
            class="mt-8"
            data-testid="Offline__text"
          >
            <h2
              class="text-2xl font-bold"
            >
              Cannot Connect
            </h2>
            <p
              class="text-theme-secondary-text"
            >
              Check your internet connection if it doesn't work, check it again.
            </p>
          </div>
        </div>
      </div>
    </div>
  </div>
</DocumentFragment>
`;
