// Jest Snapshot v1, https://goo.gl/fbAQLP

exports[`ExchangeGrid should render 1`] = `
<DocumentFragment>
  <div
    class="grid grid-cols-3 w-full gap-4.5"
    data-testid="ExchangeGrid"
  >
    <div
      data-testid="PluginCard--exchange"
    >
      <div>
        <button
          class="Cardstyles__CardButton-sc-ajtauu-0 fyqAeZ"
          data-testid="Card"
          type="button"
        >
          <div
            class="flex items-center space-x-4"
          >
            <div
              class="overflow-hidden flex-shrink-0 rounded-lg w-25 h-25"
            >
              <div
                class="PluginImage__PluginImageWrapper-sc-10kztrf-0 fyVFIH bg-theme-primary-100 text-theme-primary-600 dark:bg-theme-secondary-800 dark:text-theme-secondary-700"
                data-testid="PluginImage"
              >
                <svg>
                  plugin-logo-placeholder.svg
                </svg>
              </div>
            </div>
            <div
              class="flex flex-col truncate"
            >
              <span
                class="text-sm font-semibold truncate text-theme-secondary-500 dark:text-theme-secondary-700"
              />
              <div
                class="flex items-center mt-1 space-x-2 text-lg font-bold truncate text-theme-primary-600 dark:text-theme-secondary-200"
              >
                <div
                  class="truncate"
                />
              </div>
            </div>
          </div>
          <div
            class="flex absolute -top-1 -right-1 items-center m-4 space-x-1"
          >
            <div
              class="flex items-center space-x-2"
            />
            <div
              class="relative"
            >
              <span
                data-testid="dropdown__toggle"
              >
                <div
                  class="flex overflow-hidden justify-center w-4"
                >
                  <div
                    class="sc-bdnxRM AFVmm p-1 transition-colors duration-200 cursor-pointer text-theme-primary-300 dark:text-theme-secondary-600 hover:text-theme-danger-400"
                    height="16"
                    width="16"
                  >
                    <svg>
                      settings.svg
                    </svg>
                  </div>
                </div>
              </span>
            </div>
          </div>
        </button>
      </div>
    </div>
  </div>
</DocumentFragment>
`;

exports[`ExchangeGrid should render empty 1`] = `
<DocumentFragment>
  <div
    class="border border-solid border-theme-secondary-300 dark:border-theme-secondary-800 rounded-lg text-theme-secondary-text text-center leading-5 p-6"
    data-testid="ExchangeGrid__empty-message"
  >
    <div>
      There are currently no exchange providers available, please try again at a later time.
    </div>
  </div>
</DocumentFragment>
`;
