// Jest Snapshot v1, https://goo.gl/fbAQLP

exports[`TransactionRowAmount should show as received 1`] = `
<DocumentFragment>
  <div
    class="Label-sc-4akkzw-0 fSJwcq"
    color="success"
  >
    <div
      class="flex space-x-1"
    >
      <span
        class="whitespace-nowrap"
        data-testid="AmountCrypto"
      >
        + 121 ARK
      </span>
    </div>
  </div>
</DocumentFragment>
`;
