// Jest Snapshot v1, https://goo.gl/fbAQLP

exports[`AppearanceAccentColor should render 1`] = `
<DocumentFragment>
  <div
    class="inline-flex items-center space-x-3 w-full"
    data-testid="ButtonGroup"
    role="radiogroup"
  >
    <button
      aria-checked="false"
      aria-label="Blue"
      class="ButtonGroup__ButtonGroupOptionStyled-sc-2f0qmd-0 lfZjmj"
      data-testid="ButtonGroupOption"
      role="radio"
      type="button"
    >
      <div
        class="w-5 h-5 mx-1 rounded bg-theme-info-600"
      />
    </button>
    <button
      aria-checked="false"
      aria-label="Green"
      class="ButtonGroup__ButtonGroupOptionStyled-sc-2f0qmd-0 lfZjmj"
      data-testid="ButtonGroupOption"
      role="radio"
      type="button"
    >
      <div
        class="w-5 h-5 mx-1 rounded bg-theme-success-600"
      />
    </button>
  </div>
</DocumentFragment>
`;
