// Jest Snapshot v1, https://goo.gl/fbAQLP

exports[`SelectCategory should render 1`] = `
<DocumentFragment>
  <label
    class="SelectCategory___StyledLabel-sc-1dgc7bb-2 ghVPbK"
  >
    <input
      class="SelectCategory__Input-sc-1dgc7bb-0 hJcIAQ"
      data-testid="SelectCategory__undefined"
      type="checkbox"
      value=""
    />
    <div
      class="SelectCategory__CustomButton-sc-1dgc7bb-1 fjVhRK"
    >
      #All
    </div>
  </label>
</DocumentFragment>
`;
